// Vitest Snapshot v1, https://vitest.dev/guide/snapshot.html

exports[`sync check > zodv4-mini 1`] = `
{
  "$schema": "https://json-schema.org/draft/2020-12/schema",
  "additionalProperties": false,
  "properties": {
    "myString": {
      "type": "string",
    },
    "myUnion": {
      "anyOf": [
        {
          "type": "number",
        },
        {
          "type": "boolean",
        },
      ],
    },
  },
  "required": [
    "myString",
    "myUnion",
  ],
  "type": "object",
}
`;
