// Vitest Snapshot v1, https://vitest.dev/guide/snapshot.html

exports[`basic > arktype 1`] = `
{
  "$schema": "https://json-schema.org/draft/2020-12/schema",
  "description": "My neat object schema",
  "properties": {
    "myString": {
      "type": "string",
    },
    "myUnion": {
      "anyOf": [
        {
          "type": "number",
        },
        {
          "type": "boolean",
        },
      ],
    },
  },
  "required": [
    "myString",
    "myUnion",
  ],
  "type": "object",
}
`;

exports[`basic > effect 1`] = `
{
  "$schema": "http://json-schema.org/draft-07/schema#",
  "additionalProperties": false,
  "properties": {
    "myString": {
      "type": "string",
    },
    "myUnion": {
      "anyOf": [
        {
          "type": "number",
        },
        {
          "type": "boolean",
        },
      ],
    },
  },
  "required": [
    "myString",
    "myUnion",
  ],
  "type": "object",
}
`;

exports[`basic > valibot 1`] = `
{
  "$schema": "http://json-schema.org/draft-07/schema#",
  "description": "My neat object schema",
  "properties": {
    "myString": {
      "type": "string",
    },
    "myUnion": {
      "anyOf": [
        {
          "type": "number",
        },
        {
          "type": "boolean",
        },
      ],
    },
  },
  "required": [
    "myString",
    "myUnion",
  ],
  "type": "object",
}
`;

exports[`basic > zod 1`] = `
{
  "$schema": "https://json-schema.org/draft/2020-12/schema",
  "additionalProperties": false,
  "description": "My neat object schema",
  "properties": {
    "myString": {
      "type": "string",
    },
    "myUnion": {
      "anyOf": [
        {
          "type": "number",
        },
        {
          "type": "boolean",
        },
      ],
    },
  },
  "required": [
    "myString",
    "myUnion",
  ],
  "type": "object",
}
`;

exports[`basic > zod 2`] = `
{
  "$schema": "http://json-schema.org/draft-07/schema#",
  "additionalProperties": false,
  "description": "My neat object schema",
  "properties": {
    "myString": {
      "type": "string",
    },
    "myUnion": {
      "type": [
        "number",
        "boolean",
      ],
    },
  },
  "required": [
    "myString",
    "myUnion",
  ],
  "type": "object",
}
`;

exports[`basic > zod 3`] = `
{
  "$schema": "https://json-schema.org/draft/2020-12/schema",
  "additionalProperties": false,
  "properties": {
    "myString": {
      "type": "string",
    },
    "myUnion": {
      "anyOf": [
        {
          "type": "number",
        },
        {
          "type": "boolean",
        },
      ],
    },
  },
  "required": [
    "myString",
    "myUnion",
  ],
  "type": "object",
}
`;
